5 <= 32.0
(5 + 2) * 3 % 4
#[0, 0] + 3
#[1 - 1, 0] < #[1 * 1, 1]
(5 > 3) && !(2 > 8)
1 + sum([0, 0], [2, 1])
float(10) / 4.0
False
"good_string"
2 ** 4 ** 2
1 + 1 * 8
5 + 2 * 3 % 4
6 - -5 + 2
5 + 3 - (0 + 123) =? 10
max[0, 0], [2, 1]
#[0, 0] + [0, 1]
(1 + 2) + unknown
6 + (15 + -5
"bad_string
Fals
m([0, 0], [2, 1])